INFO:     Started server process [51175]
INFO:     Waiting for application startup.
INFO:     Application startup complete.
INFO:     Uvicorn running on http://0.0.0.0:8000 (Press CTRL+C to quit)
2026-03-27 21:10:31,719 - BackendAPI - INFO - Received prediction request for AAPL using RF
2026-03-27 21:10:31,724 - DataStrategy - INFO - Scanning live stock data for AAPL from 2026-01-26 to 2026-03-27
2026-03-27 21:10:31,724 - DataStrategy - INFO - Using requests API fallback for live data: AAPL
2026-03-27 21:10:32,210 - DataStrategy - WARNING - Yahoo API Fallback returned status 429. Using Synthetic Live Fallback.
2026-03-27 21:10:32,219 - DataStrategy - INFO - Synthesized live data for AAPL up to 2026-03-27
2026-03-27 21:10:32,222 - DataStrategy - INFO - Scanning mock news data for AAPL at data/AAPL_news.csv
2026-03-27 21:10:32,230 - RandomForestModel - INFO - Loading RF Model from data/rf_model.joblib
2026-03-27 21:10:32,240 - BackendAPI - INFO - stockData columns: ['Date', 'Open', 'High', 'Low', 'Close', 'Volume', 'EMA_12', 'EMA_26', 'MACD', 'Signal_Line', 'SMA_20', 'Std_20', 'Upper_Band', 'Lower_Band', 'RSI', 'Sentiment'], shape: (81, 16)
2026-03-27 21:10:32,240 - RandomForestModel - INFO - Preparing data for RF Training
2026-03-27 21:10:32,241 - BackendAPI - INFO - Prepared x shape: (81, 14)
2026-03-27 21:10:32,243 - BackendAPI - INFO - Prediction for AAPL: DOWN (84.0%) | Model: RF | Data: LIVE
NLTK not found. Sentiment analysis will be disabled.
INFO:     127.0.0.1:52070 - "POST /predict HTTP/1.1" 200 OK
2026-03-27 21:11:13,439 - BackendAPI - INFO - Received prediction request for NSEI using RF
2026-03-27 21:11:13,443 - DataStrategy - INFO - Scanning live stock data for NSEI from 2026-01-26 to 2026-03-27
2026-03-27 21:11:13,443 - DataStrategy - INFO - Using requests API fallback for live data: ^NSEI
2026-03-27 21:11:13,731 - DataStrategy - WARNING - Yahoo API Fallback returned status 429. Using Synthetic Live Fallback.
2026-03-27 21:11:13,733 - DataStrategy - INFO - Synthesized live data for NSEI up to 2026-03-27
2026-03-27 21:11:13,735 - DataStrategy - INFO - Scanning mock news data for NSEI at data/NSEI_news.csv
2026-03-27 21:11:13,738 - BackendAPI - INFO - stockData columns: ['Date', 'Open', 'High', 'Low', 'Close', 'Volume', 'EMA_12', 'EMA_26', 'MACD', 'Signal_Line', 'SMA_20', 'Std_20', 'Upper_Band', 'Lower_Band', 'RSI', 'Sentiment'], shape: (81, 16)
2026-03-27 21:11:13,738 - RandomForestModel - INFO - Preparing data for RF Training
2026-03-27 21:11:13,738 - BackendAPI - INFO - Prepared x shape: (81, 14)
2026-03-27 21:11:13,740 - BackendAPI - INFO - Prediction for NSEI: DOWN (79.0%) | Model: RF | Data: LIVE
INFO:     127.0.0.1:52080 - "POST /predict HTTP/1.1" 200 OK
